<html>
<body>
<pre>
<h1>µVision Build Log</h1>
<h2>Tool Versions:</h2>
IDE-Version: µVision V5.29.0.0
Copyright (C) 2019 ARM Ltd and ARM Germany GmbH. All rights reserved.
License Information: admin This PC, HP Inc., LIC=585FJ-UQ3XS-56IQ2-9SQZ2-JICF8-LW5FW
 
Tool Versions:
Toolchain:       MDK-ARM Plus  Version: 5.29.0.0
Toolchain Path:  D:\KeilC\ARM\ARMCC\Bin
C Compiler:      Armcc.exe V5.06 update 6 (build 750)
Assembler:       Armasm.exe V5.06 update 6 (build 750)
Linker/Locator:  ArmLink.exe V5.06 update 6 (build 750)
Library Manager: ArmAr.exe V5.06 update 6 (build 750)
Hex Converter:   FromElf.exe V5.06 update 6 (build 750)
CPU DLL:         SARMCM3.DLL V5.29.0.0
Dialog DLL:      DCM.DLL V1.17.3.0
Target DLL:      STLink\ST-LINKIII-KEIL_SWO.dll V3.0.7.0
Dialog DLL:      TCM.DLL V1.36.5.0
 
<h2>Project:</h2>
D:\Project_MCU\Project_STM32\BT_Tren_lop\I2C_2\I2C_DS1307_C6\MDK-ARM\I2C_DS1307_C6.uvprojx
Project File Date:  11/26/2024

<h2>Output:</h2>
*** Using Compiler 'V5.06 update 6 (build 750)', folder: 'D:\KeilC\ARM\ARMCC\Bin'
Build target 'I2C_DS1307_C6'
assembling startup_stm32f103x6.s...
compiling stm32f1xx_it.c...
compiling stm32f1xx_hal_msp.c...
compiling stm32f1xx_hal_gpio_ex.c...
compiling main.c...
../Core/Src/main.c(84): warning:  #188-D: enumerated type mixed with another type
      HAL_GPIO_WritePin(LCD_PORT, LCD_D4, (data >> 0) & 0x01);
../Core/Src/main.c(85): warning:  #188-D: enumerated type mixed with another type
      HAL_GPIO_WritePin(LCD_PORT, LCD_D5, (data >> 1) & 0x01);
../Core/Src/main.c(86): warning:  #188-D: enumerated type mixed with another type
      HAL_GPIO_WritePin(LCD_PORT, LCD_D6, (data >> 2) & 0x01);
../Core/Src/main.c(87): warning:  #188-D: enumerated type mixed with another type
      HAL_GPIO_WritePin(LCD_PORT, LCD_D7, (data >> 3) & 0x01);
../Core/Src/main.c: 4 warnings, 0 errors
compiling stm32f1xx_hal.c...
compiling stm32f1xx_hal_rcc.c...
compiling stm32f1xx_hal_i2c.c...
compiling stm32f1xx_hal_cortex.c...
compiling stm32f1xx_hal_rcc_ex.c...
compiling stm32f1xx_hal_gpio.c...
compiling stm32f1xx_hal_pwr.c...
compiling stm32f1xx_hal_dma.c...
compiling stm32f1xx_hal_flash.c...
compiling stm32f1xx_hal_flash_ex.c...
compiling system_stm32f1xx.c...
compiling stm32f1xx_hal_tim.c...
compiling stm32f1xx_hal_tim_ex.c...
compiling stm32f1xx_hal_exti.c...
linking...
Program Size: Code=5344 RO-data=292 RW-data=16 ZI-data=1112  
FromELF: creating hex file...
"I2C_DS1307_C6\I2C_DS1307_C6.axf" - 0 Error(s), 4 Warning(s).

<h2>Software Packages used:</h2>

Package Vendor: ARM
                http://www.keil.com/pack/ARM.CMSIS.5.6.0.pack
                ARM.CMSIS.5.6.0
                CMSIS (Cortex Microcontroller Software Interface Standard)
   * Component: CORE Version: 5.3.0

Package Vendor: Keil
                https://www.keil.com/pack/Keil.STM32F1xx_DFP.2.4.1.pack
                Keil.STM32F1xx_DFP.2.4.1
                STMicroelectronics STM32F1 Series Device Support, Drivers and Examples

<h2>Collection of Component include folders:</h2>
  .\RTE\_I2C_DS1307_C6
  C:\Users\This PC\AppData\Local\Arm\Packs\ARM\CMSIS\5.6.0\CMSIS\Core\Include
  C:\Users\This PC\AppData\Local\Arm\Packs\Keil\STM32F1xx_DFP\2.4.1\Device\Include

<h2>Collection of Component Files used:</h2>

   * Component: ARM::CMSIS:CORE:5.3.0
Build Time Elapsed:  00:00:07
</pre>
</body>
</html>
