<html>
<body>
<pre>
<h1>µVision Build Log</h1>
<h2>Tool Versions:</h2>
IDE-Version: µVision V5.29.0.0
Copyright (C) 2019 ARM Ltd and ARM Germany GmbH. All rights reserved.
License Information: admin This PC, HP Inc., LIC=585FJ-UQ3XS-56IQ2-9SQZ2-JICF8-LW5FW
 
Tool Versions:
Toolchain:       MDK-ARM Plus  Version: 5.29.0.0
Toolchain Path:  D:\KeilC\ARM\ARMCC\Bin
C Compiler:      Armcc.exe V5.06 update 6 (build 750)
Assembler:       Armasm.exe V5.06 update 6 (build 750)
Linker/Locator:  ArmLink.exe V5.06 update 6 (build 750)
Library Manager: ArmAr.exe V5.06 update 6 (build 750)
Hex Converter:   FromElf.exe V5.06 update 6 (build 750)
CPU DLL:         SARMCM3.DLL V5.29.0.0
Dialog DLL:      DCM.DLL V1.17.3.0
Target DLL:      STLink\ST-LINKIII-KEIL_SWO.dll V3.0.7.0
Dialog DLL:      TCM.DLL V1.36.5.0
 
<h2>Project:</h2>
D:\Project_MCU\Project_STM32\BT_Tren_lop\SPI\SPI_STM32\MDK-ARM\SPI_STM32.uvprojx
Project File Date:  11/26/2024

<h2>Output:</h2>
*** Using Compiler 'V5.06 update 6 (build 750)', folder: 'D:\KeilC\ARM\ARMCC\Bin'
Build target 'SPI_STM32'
compiling main.c...
../Core/Src/main.c(100): warning:  #188-D: enumerated type mixed with another type
  		HAL_GPIO_WritePin(GPIOA, GPIO_PIN_3, 0);
../Core/Src/main.c(102): warning:  #188-D: enumerated type mixed with another type
  		HAL_GPIO_WritePin(GPIOA, GPIO_PIN_3, 1);
../Core/Src/main.c: 2 warnings, 0 errors
linking...
Program Size: Code=3476 RO-data=284 RW-data=24 ZI-data=1112  
FromELF: creating hex file...
"SPI_STM32\SPI_STM32.axf" - 0 Error(s), 2 Warning(s).

<h2>Software Packages used:</h2>

Package Vendor: ARM
                http://www.keil.com/pack/ARM.CMSIS.5.6.0.pack
                ARM.CMSIS.5.6.0
                CMSIS (Cortex Microcontroller Software Interface Standard)
   * Component: CORE Version: 5.3.0

Package Vendor: Keil
                https://www.keil.com/pack/Keil.STM32F1xx_DFP.2.4.1.pack
                Keil.STM32F1xx_DFP.2.4.1
                STMicroelectronics STM32F1 Series Device Support, Drivers and Examples

<h2>Collection of Component include folders:</h2>
  .\RTE\_SPI_STM32
  C:\Users\This PC\AppData\Local\Arm\Packs\ARM\CMSIS\5.6.0\CMSIS\Core\Include
  C:\Users\This PC\AppData\Local\Arm\Packs\Keil\STM32F1xx_DFP\2.4.1\Device\Include

<h2>Collection of Component Files used:</h2>

   * Component: ARM::CMSIS:CORE:5.3.0
Build Time Elapsed:  00:00:01
</pre>
</body>
</html>
